# SECURITY grep transcript — execute-m2-m6-runtime-cutover-backlog / attempt 1

## Auth and token evidence

Command:

```text
grep -nH "runtime token issued\|IssueLocalTokenFile\|token_file\|Token\|HelloAck\|Validate(runtimeID\|runtime authentication failed\|RuntimeTokenPath\|WriteTokenFile" cmd/tabula/main.go cmd/tabula/local_runtime.go cmd/tabula-runtime/config/config.go cmd/tabula-runtime/dialer/dialer.go internal/kernel/runtime_attach.go internal/runtime/auth/token.go
```

Key matches:

- `cmd/tabula/main.go:290`, `:610` — runtime token issuance in `serve` and `run`
- `cmd/tabula/main.go:294` — log line records runtime id only
- `cmd/tabula/local_runtime.go:37` — generated runtime config references `runtime-token` path
- `cmd/tabula-runtime/dialer/dialer.go:76-89` — token read and authenticated Hello handshake
- `internal/kernel/runtime_attach.go:43` — `HelloAck` gate before runtime registration
- `internal/runtime/auth/token.go:99` — constant-time token comparison
- `internal/runtime/auth/token.go:121` — rejection message is `runtime authentication failed`
- `internal/runtime/auth/token.go:170-199` — `runtime-token` file permissions hardened to `0700`/`0600`

## Execution / validation evidence

Command:

```text
grep -nH "exec\.Command\|exec\.CommandContext\|filepath\.Join\(req\.WorkingDir, entry\)\|ReplyMode\|Channel != \"bus\"\|type is required\|sanitizeProtocolError\|strings\.Contains\(msg, \"token\"\)" cmd/tabula/local_runtime.go cmd/tabula-runtime/policy/bare/bare.go internal/kernel/runtime_async.go internal/runtime/conn/conn.go
```

Key matches:

- `cmd/tabula/local_runtime.go:113` — managed runtime uses `exec.Command(...)`, not a shell
- `cmd/tabula-runtime/policy/bare/bare.go:131` — worker spawn uses `exec.CommandContext(...)`, not a shell
- `internal/kernel/runtime_async.go:57-61` — runtime `plugin_send` restricted to `channel == "bus"` and non-empty type
- `internal/runtime/conn/conn.go:539-552` — protocol errors sanitize token-bearing messages before returning them on the wire

## Logging evidence

Command:

```text
grep -nH "PluginLogged\|runtime plugin log fields\|Fields json.RawMessage\|msg is required\|unknown log level\|Message string .*sanitized\|Field" internal/kernel/runtime_async.go internal/runtime/wire/types.go internal/runtime/worker/wire/types.go
```

Key matches:

- `internal/kernel/runtime_async.go:71-98` — runtime plugin log path
- `internal/kernel/runtime_async.go:96-97` — raw `log.Fields` JSON is written into kernel debug logs
- `internal/runtime/wire/types.go:499-502` — Runtime API `PluginLog` permits arbitrary `fields`
- `internal/runtime/worker/wire/types.go:172-175` — worker `WorkerLog` permits arbitrary `fields`
- `internal/runtime/worker/wire/types.go:436-448` — worker log validation checks level and message, but not field sensitivity/redaction
